warning: unused manifest key: profile.release.xmas-elf
   Compiling memchr v2.8.0
   Compiling regex-syntax v0.8.10
   Compiling semver-parser v0.7.0
   Compiling lazy_static v1.5.0
   Compiling spin v0.7.1
   Compiling zero v0.1.3
   Compiling bit_field v0.10.3
   Compiling bitflags v1.3.2
   Compiling log v0.4.30
   Compiling spin v0.9.8
   Compiling os v0.1.0 (/lab6/os)
   Compiling xmas-elf v0.7.0
   Compiling buddy_system_allocator v0.6.0
   Compiling semver v0.9.0
   Compiling rustc_version v0.2.3
   Compiling aho-corasick v1.1.4
   Compiling bare-metal v0.2.5
   Compiling regex-automata v0.4.14
   Compiling regex v1.12.3
   Compiling riscv-target v0.1.2
   Compiling riscv v0.6.0 (https://github.com/rcore-os/riscv#11d43cf7)
warning: unused `#[macro_use]` import
 --> src/main.rs:7:1
  |
7 | #[macro_use]
  | ^^^^^^^^^^^^
  |
  = note: `#[warn(unused_imports)]` (part of `#[warn(unused)]`) on by default

warning: unused import: `println`
 --> src/lang_items.rs:2:13
  |
2 | use crate::{println, sbi::shutdown};
  |             ^^^^^^^

warning: unused import: `crate::config::PAGE_SIZE`
 --> src/mm/page_table.rs:7:5
  |
7 | use crate::config::PAGE_SIZE;
  |     ^^^^^^^^^^^^^^^^^^^^^^^^

warning: unreachable statement
  --> src/trap/mod.rs:77:5
   |
68 | /         asm!(
69 | |             "fence.i",
70 | |             "jr {restore_va}",
71 | |             restore_va = in(reg) restore_va,
...  |
74 | |             options(noreturn)
75 | |         );
   | |_________- any code following this expression is unreachable
76 |       }
77 |       unreachable!();
   |       ^^^^^^^^^^^^^^ unreachable statement
   |
   = note: `#[warn(unreachable_code)]` (part of `#[warn(unused)]`) on by default

error[E0277]: the trait bound `VirtAddr: From<PhysPageNum>` is not satisfied
   --> src/mm/memory_set.rs:139:22
    |
139 |             start_pa.into(),
    |                      ^^^^ unsatisfied trait bound
    |
help: the trait `From<PhysPageNum>` is not implemented for `VirtAddr`
   --> src/mm/address.rs:11:1
    |
 11 | pub struct VirtAddr(pub usize);
    | ^^^^^^^^^^^^^^^^^^^
help: `VirtAddr` implements trait `From<T>`
   --> src/mm/address.rs:23:1
    |
 23 | impl From<usize> for VirtAddr { fn from(v: usize) -> Self { Self(v) } }
    | ^^^^^^^^^^^^^^^^^^^^^^^^^^^^^ `From<usize>`
...
 40 | impl From<VirtPageNum> for VirtAddr {
    | ^^^^^^^^^^^^^^^^^^^^^^^^^^^^^^^^^^^ `From<VirtPageNum>`
    = note: required for `PhysPageNum` to implement `Into<VirtAddr>`

error[E0277]: the trait bound `VirtAddr: From<PhysPageNum>` is not satisfied
   --> src/mm/memory_set.rs:140:20
    |
140 |             end_pa.into(),
    |                    ^^^^ unsatisfied trait bound
    |
help: the trait `From<PhysPageNum>` is not implemented for `VirtAddr`
   --> src/mm/address.rs:11:1
    |
 11 | pub struct VirtAddr(pub usize);
    | ^^^^^^^^^^^^^^^^^^^
help: `VirtAddr` implements trait `From<T>`
   --> src/mm/address.rs:23:1
    |
 23 | impl From<usize> for VirtAddr { fn from(v: usize) -> Self { Self(v) } }
    | ^^^^^^^^^^^^^^^^^^^^^^^^^^^^^ `From<usize>`
...
 40 | impl From<VirtPageNum> for VirtAddr {
    | ^^^^^^^^^^^^^^^^^^^^^^^^^^^^^^^^^^^ `From<VirtPageNum>`
    = note: required for `PhysPageNum` to implement `Into<VirtAddr>`

warning: unused variable: `sp`
  --> src/trap/context.rs:17:9
   |
17 |         sp: usize,
   |         ^^ help: if this is intentional, prefix it with an underscore: `_sp`
   |
   = note: `#[warn(unused_variables)]` (part of `#[warn(unused)]`) on by default

For more information about this error, try `rustc --explain E0277`.
warning: `os` (bin "os") generated 5 warnings
error: could not compile `os` (bin "os") due to 2 previous errors; 5 warnings emitted
